示例体检报告

姓名：张三
性别：男
年龄：28岁
身高：175cm
体重：68kg
血压：118/76mmHg
心率：72次/分
空腹血糖：5.2mmol/L
总胆固醇：4.8mmol/L
血红蛋白：145g/L

体检结论：各项指标基本正常，建议保持规律作息、均衡饮食、适量运动，每年定期体检。
